// Jest Snapshot v1, https://goo.gl/fbAQLP

exports[`renders correctly 1`] = `
<div>
  <code
    className="javascript hljs-0-2-1"
    title="JavaScript"
  >
    
      const list = [0, 1, 2, 3];
      for (let item in list) {
        console.info(item);
      }
      
  </code>
</div>
`;
